<div>Welcome to my awesome application</div>
<p>Jhon Doe</p>